// Jest Snapshot v1, https://goo.gl/fbAQLP

exports[`MaskedInput applies custom global.hover theme to options 1`] = `
.c0 {
  font-size: 18px;
  line-height: 24px;
  box-sizing: border-box;
  -webkit-text-size-adjust: 100%;
  -ms-text-size-adjust: 100%;
  -moz-osx-font-smoothing: grayscale;
  -webkit-font-smoothing: antialiased;
}

.c2 {
  box-sizing: border-box;
  font-size: inherit;
  font-family: inherit;
  border: none;
  -webkit-appearance: none;
  padding: 11px;
  outline: none;
  background: transparent;
  color: inherit;
  font-weight: 600;
  margin: 0;
  border: 1px solid rgba(0,0,0,0.33);
  border-radius: 4px;
  width: 100%;
  font-size: 22px;
  line-height: 28px;
  border: none;
}

.c2::-webkit-search-decoration {
  -webkit-appearance: none;
}

.c2::-webkit-input-placeholder {
  color: #AAAAAA;
}

.c2::-moz-placeholder {
  color: #AAAAAA;
}

.c2:-ms-input-placeholder {
  color: #AAAAAA;
}

.c2::-moz-focus-inner {
  border: none;
  outline: none;
}

.c1 {
  position: relative;
  width: 100%;
}

<div
  class="c0"
>
  <div
    class="c1"
  >
    <input
      autocomplete="off"
      class="c2"
      data-testid="test-global-hover-theme"
      id="global-hover-theme"
      name="global-hover-theme"
      placeholder="!"
      value=""
    />
  </div>
</div>
`;

exports[`MaskedInput applies custom global.hover theme to options 2`] = `
.c1 {
  display: -webkit-box;
  display: -webkit-flex;
  display: -ms-flexbox;
  display: flex;
  box-sizing: border-box;
  outline: none;
  max-width: 100%;
  min-width: 0;
  min-height: 0;
  -webkit-flex-direction: column;
  -ms-flex-direction: column;
  flex-direction: column;
  padding-left: 12px;
  padding-right: 12px;
  padding-top: 6px;
  padding-bottom: 6px;
}

.c0 {
  display: inline-block;
  box-sizing: border-box;
  cursor: pointer;
  outline: none;
  font: inherit;
  -webkit-text-decoration: none;
  text-decoration: none;
  margin: 0;
  background: transparent;
  overflow: visible;
  text-transform: none;
  color: inherit;
  border: none;
  padding: 0;
  text-align: inherit;
  background-color: rgba(221,221,221,0.4);
  color: #000000;
}

.c0:hover {
  background-color: lightgreen;
  color: #EB5B5B;
}

@media only screen and (max-width:768px) {
  .c1 {
    padding-left: 6px;
    padding-right: 6px;
  }
}

@media only screen and (max-width:768px) {
  .c1 {
    padding-top: 3px;
    padding-bottom: 3px;
  }
}

<button
  class="c0"
  tabindex="-1"
  type="button"
>
  <div
    class="c1"
  >
    bb
  </div>
</button>
`;

exports[`MaskedInput basic 1`] = `
.c1 {
  box-sizing: border-box;
  font-size: inherit;
  font-family: inherit;
  border: none;
  -webkit-appearance: none;
  padding: 11px;
  outline: none;
  background: transparent;
  color: inherit;
  font-weight: 600;
  margin: 0;
  border: 1px solid rgba(0,0,0,0.33);
  border-radius: 4px;
  width: 100%;
}

.c1::-webkit-search-decoration {
  -webkit-appearance: none;
}

.c1::-webkit-input-placeholder {
  color: #AAAAAA;
}

.c1::-moz-placeholder {
  color: #AAAAAA;
}

.c1:-ms-input-placeholder {
  color: #AAAAAA;
}

.c1::-moz-focus-inner {
  border: none;
  outline: none;
}

.c0 {
  position: relative;
  width: 100%;
}

<div
  class="c0"
>
  <input
    autocomplete="off"
    class="c1"
    name="item"
    placeholder=""
    value=""
  />
</div>
`;

exports[`MaskedInput event target props are available option via keyboard 1`] = `
.c1 {
  box-sizing: border-box;
  font-size: inherit;
  font-family: inherit;
  border: none;
  -webkit-appearance: none;
  padding: 11px;
  outline: none;
  background: transparent;
  color: inherit;
  font-weight: 600;
  margin: 0;
  border: 1px solid rgba(0,0,0,0.33);
  border-radius: 4px;
  width: 100%;
  font-size: 18px;
  line-height: 24px;
}

.c1::-webkit-search-decoration {
  -webkit-appearance: none;
}

.c1::-webkit-input-placeholder {
  color: #AAAAAA;
}

.c1::-moz-placeholder {
  color: #AAAAAA;
}

.c1:-ms-input-placeholder {
  color: #AAAAAA;
}

.c1::-moz-focus-inner {
  border: none;
  outline: none;
}

.c0 {
  position: relative;
  width: 100%;
}

<div
  class="c0"
>
  <input
    autocomplete="off"
    class="c1"
    data-testid="test-event-target-select-by-keyboard"
    id="input-id"
    name="input-name"
    placeholder="!"
    value=""
  />
</div>
`;

exports[`MaskedInput event target props are available option via mouse 1`] = `
.c1 {
  box-sizing: border-box;
  font-size: inherit;
  font-family: inherit;
  border: none;
  -webkit-appearance: none;
  padding: 11px;
  outline: none;
  background: transparent;
  color: inherit;
  font-weight: 600;
  margin: 0;
  border: 1px solid rgba(0,0,0,0.33);
  border-radius: 4px;
  width: 100%;
  font-size: 22px;
  line-height: 28px;
  border: none;
}

.c1::-webkit-search-decoration {
  -webkit-appearance: none;
}

.c1::-webkit-input-placeholder {
  color: #AAAAAA;
}

.c1::-moz-placeholder {
  color: #AAAAAA;
}

.c1:-ms-input-placeholder {
  color: #AAAAAA;
}

.c1::-moz-focus-inner {
  border: none;
  outline: none;
}

.c0 {
  position: relative;
  width: 100%;
}

<div
  class="c0"
>
  <input
    autocomplete="off"
    class="c1"
    data-testid="test-event-target-select-by-mouse"
    id="input-id"
    name="input-name"
    placeholder="!"
    value=""
  />
</div>
`;

exports[`MaskedInput event target props are available option via mouse 2`] = `
.c0 {
  display: -webkit-box;
  display: -webkit-flex;
  display: -ms-flexbox;
  display: flex;
  box-sizing: border-box;
  outline: none;
  max-width: 100%;
  min-width: 0;
  min-height: 0;
  -webkit-flex-direction: column;
  -ms-flex-direction: column;
  flex-direction: column;
  overflow: auto;
  box-shadow: 0px 2px 4px rgba(0,0,0,0.20);
}

.c2 {
  display: -webkit-box;
  display: -webkit-flex;
  display: -ms-flexbox;
  display: flex;
  box-sizing: border-box;
  outline: none;
  max-width: 100%;
  min-width: 0;
  min-height: 0;
  -webkit-flex-direction: column;
  -ms-flex-direction: column;
  flex-direction: column;
}

.c3 {
  display: -webkit-box;
  display: -webkit-flex;
  display: -ms-flexbox;
  display: flex;
  box-sizing: border-box;
  outline: none;
  max-width: 100%;
  min-width: 0;
  min-height: 0;
  -webkit-flex-direction: column;
  -ms-flex-direction: column;
  flex-direction: column;
  -webkit-flex: 0 0 auto;
  -ms-flex: 0 0 auto;
  flex: 0 0 auto;
}

.c5 {
  display: -webkit-box;
  display: -webkit-flex;
  display: -ms-flexbox;
  display: flex;
  box-sizing: border-box;
  outline: none;
  max-width: 100%;
  min-width: 0;
  min-height: 0;
  -webkit-flex-direction: column;
  -ms-flex-direction: column;
  flex-direction: column;
  padding-left: 12px;
  padding-right: 12px;
  padding-top: 6px;
  padding-bottom: 6px;
}

.c4 {
  display: inline-block;
  box-sizing: border-box;
  cursor: pointer;
  outline: none;
  font: inherit;
  -webkit-text-decoration: none;
  text-decoration: none;
  margin: 0;
  background: transparent;
  overflow: visible;
  text-transform: none;
  color: inherit;
  border: none;
  padding: 0;
  text-align: inherit;
}

.c4:hover {
  background-color: rgba(221,221,221,0.4);
  color: #000000;
}

.c1 {
  font-size: 18px;
  line-height: 24px;
  box-sizing: border-box;
  -webkit-text-size-adjust: 100%;
  -ms-text-size-adjust: 100%;
  -moz-osx-font-smoothing: grayscale;
  -webkit-font-smoothing: antialiased;
  border-radius: 0px;
  position: fixed;
  z-index: 20;
  outline: none;
  background: #ffffff;
  color: #444444;
  opacity: 0;
  -webkit-transform-origin: top left;
  -ms-transform-origin: top left;
  transform-origin: top left;
  -webkit-animation: jNdvGQ 0.1s forwards;
  animation: jNdvGQ 0.1s forwards;
  -webkit-animation-delay: 0.01s;
  animation-delay: 0.01s;
}

@media only screen and (max-width:768px) {
  .c5 {
    padding-left: 6px;
    padding-right: 6px;
  }
}

@media only screen and (max-width:768px) {
  .c5 {
    padding-top: 3px;
    padding-bottom: 3px;
  }
}

@media screen and (-ms-high-contrast:active),(-ms-high-contrast:none) {
  .c1 {
    display: -webkit-box;
    display: -webkit-flex;
    display: -ms-flexbox;
    display: flex;
    -webkit-align-items: stretch;
    -webkit-box-align: stretch;
    -ms-flex-align: stretch;
    align-items: stretch;
  }
}

<div
  class="c0 c1"
  id="masked-input-drop__input-id"
  style="left: 0px; width: 0.1px; top: 0px; max-height: 768px;"
  tabindex="-1"
>
  <div
    class="c2"
  >
    <div
      class="c3"
    >
      <button
        class="c4"
        tabindex="-1"
        type="button"
      >
        <div
          class="c5"
        >
          aa
        </div>
      </button>
    </div>
    <div
      class="c3"
    >
      <button
        class="c4"
        tabindex="-1"
        type="button"
      >
        <div
          class="c5"
        >
          bb
        </div>
      </button>
    </div>
  </div>
</div>
`;

exports[`MaskedInput event target props are available option via mouse 3`] = `
".glTYPu {
  display: -webkit-box;
  display: -webkit-flex;
  display: -ms-flexbox;
  display: flex;
  box-sizing: border-box;
  outline: none;
  max-width: 100%;
  min-width: 0;
  min-height: 0;
  -webkit-flex-direction: column;
  -ms-flex-direction: column;
  flex-direction: column;
  overflow: auto;
  box-shadow: 0px 2px 4px rgba(0,0,0,0.20);
}

@media only screen and (max-width:768px) {
  .jHsVdi {
    padding-left: 6px;
    padding-right: 6px;
  }
}

@media only screen and (max-width:768px) {
  .jHsVdi {
    padding-top: 3px;
    padding-bottom: 3px;
  }
}

.GOEwZ {
  font-size: 18px;
  line-height: 24px;
  box-sizing: border-box;
  -webkit-text-size-adjust: 100%;
  -ms-text-size-adjust: 100%;
  -moz-osx-font-smoothing: grayscale;
  -webkit-font-smoothing: antialiased;
  border-radius: 0px;
  position: fixed;
  z-index: 20;
  outline: none;
  background: #ffffff;
  color: #444444;
  opacity: 0;
  -webkit-transform-origin: top left;
  -ms-transform-origin: top left;
  transform-origin: top left;
  -webkit-animation: jNdvGQ 0.1s forwards;
  animation: jNdvGQ 0.1s forwards;
  -webkit-animation-delay: 0.01s;
  animation-delay: 0.01s;
}

@media screen and (-ms-high-contrast:active),(-ms-high-contrast:none) {
  .GOEwZ {
    display: -webkit-box;
    display: -webkit-flex;
    display: -ms-flexbox;
    display: flex;
    -webkit-align-items: stretch;
    -webkit-box-align: stretch;
    -ms-flex-align: stretch;
    align-items: stretch;
  }
}"
`;

exports[`MaskedInput event target props are available option via mouse 4`] = `
<div
  class="StyledMaskedInput__StyledMaskedInputContainer-aqxhco-1 fMAgQp"
>
  <input
    autocomplete="off"
    class="StyledMaskedInput-aqxhco-0 fXSexu"
    data-testid="test-event-target-select-by-mouse"
    id="input-id"
    name="input-name"
    placeholder="!"
    tabindex="-1"
    value=""
  />
</div>
`;

exports[`MaskedInput mask 1`] = `
.c1 {
  box-sizing: border-box;
  font-size: inherit;
  font-family: inherit;
  border: none;
  -webkit-appearance: none;
  padding: 11px;
  outline: none;
  background: transparent;
  color: inherit;
  font-weight: 600;
  margin: 0;
  border: 1px solid rgba(0,0,0,0.33);
  border-radius: 4px;
  width: 100%;
}

.c1::-webkit-search-decoration {
  -webkit-appearance: none;
}

.c1::-webkit-input-placeholder {
  color: #AAAAAA;
}

.c1::-moz-placeholder {
  color: #AAAAAA;
}

.c1:-ms-input-placeholder {
  color: #AAAAAA;
}

.c1::-moz-focus-inner {
  border: none;
  outline: none;
}

.c0 {
  position: relative;
  width: 100%;
}

<div
  class="c0"
>
  <input
    autocomplete="off"
    class="c1"
    data-testid="test-input"
    id="item"
    name="item"
    placeholder="!"
    value="bb!ax"
  />
</div>
`;

exports[`MaskedInput mask 2`] = `
.c0 {
  display: -webkit-box;
  display: -webkit-flex;
  display: -ms-flexbox;
  display: flex;
  box-sizing: border-box;
  outline: none;
  max-width: 100%;
  min-width: 0;
  min-height: 0;
  -webkit-flex-direction: column;
  -ms-flex-direction: column;
  flex-direction: column;
  overflow: auto;
  box-shadow: 0px 2px 4px rgba(0,0,0,0.20);
}

.c2 {
  display: -webkit-box;
  display: -webkit-flex;
  display: -ms-flexbox;
  display: flex;
  box-sizing: border-box;
  outline: none;
  max-width: 100%;
  min-width: 0;
  min-height: 0;
  -webkit-flex-direction: column;
  -ms-flex-direction: column;
  flex-direction: column;
}

.c3 {
  display: -webkit-box;
  display: -webkit-flex;
  display: -ms-flexbox;
  display: flex;
  box-sizing: border-box;
  outline: none;
  max-width: 100%;
  min-width: 0;
  min-height: 0;
  -webkit-flex-direction: column;
  -ms-flex-direction: column;
  flex-direction: column;
  -webkit-flex: 0 0 auto;
  -ms-flex: 0 0 auto;
  flex: 0 0 auto;
}

.c5 {
  display: -webkit-box;
  display: -webkit-flex;
  display: -ms-flexbox;
  display: flex;
  box-sizing: border-box;
  outline: none;
  max-width: 100%;
  min-width: 0;
  min-height: 0;
  -webkit-flex-direction: column;
  -ms-flex-direction: column;
  flex-direction: column;
  padding-left: 12px;
  padding-right: 12px;
  padding-top: 6px;
  padding-bottom: 6px;
}

.c4 {
  display: inline-block;
  box-sizing: border-box;
  cursor: pointer;
  outline: none;
  font: inherit;
  -webkit-text-decoration: none;
  text-decoration: none;
  margin: 0;
  background: transparent;
  overflow: visible;
  text-transform: none;
  color: inherit;
  border: none;
  padding: 0;
  text-align: inherit;
}

.c4:hover {
  background-color: rgba(221,221,221,0.4);
  color: #000000;
}

.c1 {
  font-size: 18px;
  line-height: 24px;
  box-sizing: border-box;
  -webkit-text-size-adjust: 100%;
  -ms-text-size-adjust: 100%;
  -moz-osx-font-smoothing: grayscale;
  -webkit-font-smoothing: antialiased;
  border-radius: 0px;
  position: fixed;
  z-index: 20;
  outline: none;
  background: #ffffff;
  color: #444444;
  opacity: 0;
  -webkit-transform-origin: top left;
  -ms-transform-origin: top left;
  transform-origin: top left;
  -webkit-animation: jNdvGQ 0.1s forwards;
  animation: jNdvGQ 0.1s forwards;
  -webkit-animation-delay: 0.01s;
  animation-delay: 0.01s;
}

@media only screen and (max-width:768px) {
  .c5 {
    padding-left: 6px;
    padding-right: 6px;
  }
}

@media only screen and (max-width:768px) {
  .c5 {
    padding-top: 3px;
    padding-bottom: 3px;
  }
}

@media screen and (-ms-high-contrast:active),(-ms-high-contrast:none) {
  .c1 {
    display: -webkit-box;
    display: -webkit-flex;
    display: -ms-flexbox;
    display: flex;
    -webkit-align-items: stretch;
    -webkit-box-align: stretch;
    -ms-flex-align: stretch;
    align-items: stretch;
  }
}

<div
  class="c0 c1"
  id="masked-input-drop__item"
  style="left: 0px; width: 0.1px; top: 0px; max-height: 768px;"
  tabindex="-1"
>
  <div
    class="c2"
  >
    <div
      class="c3"
    >
      <button
        class="c4"
        tabindex="-1"
        type="button"
      >
        <div
          class="c5"
        >
          aa
        </div>
      </button>
    </div>
    <div
      class="c3"
    >
      <button
        class="c4"
        tabindex="-1"
        type="button"
      >
        <div
          class="c5"
        >
          bb
        </div>
      </button>
    </div>
  </div>
</div>
`;

exports[`MaskedInput mask 3`] = `
".glTYPu {
  display: -webkit-box;
  display: -webkit-flex;
  display: -ms-flexbox;
  display: flex;
  box-sizing: border-box;
  outline: none;
  max-width: 100%;
  min-width: 0;
  min-height: 0;
  -webkit-flex-direction: column;
  -ms-flex-direction: column;
  flex-direction: column;
  overflow: auto;
  box-shadow: 0px 2px 4px rgba(0,0,0,0.20);
}

@media only screen and (max-width:768px) {
  .jHsVdi {
    padding-left: 6px;
    padding-right: 6px;
  }
}

@media only screen and (max-width:768px) {
  .jHsVdi {
    padding-top: 3px;
    padding-bottom: 3px;
  }
}

.GOEwZ {
  font-size: 18px;
  line-height: 24px;
  box-sizing: border-box;
  -webkit-text-size-adjust: 100%;
  -ms-text-size-adjust: 100%;
  -moz-osx-font-smoothing: grayscale;
  -webkit-font-smoothing: antialiased;
  border-radius: 0px;
  position: fixed;
  z-index: 20;
  outline: none;
  background: #ffffff;
  color: #444444;
  opacity: 0;
  -webkit-transform-origin: top left;
  -ms-transform-origin: top left;
  transform-origin: top left;
  -webkit-animation: jNdvGQ 0.1s forwards;
  animation: jNdvGQ 0.1s forwards;
  -webkit-animation-delay: 0.01s;
  animation-delay: 0.01s;
}

@media screen and (-ms-high-contrast:active),(-ms-high-contrast:none) {
  .GOEwZ {
    display: -webkit-box;
    display: -webkit-flex;
    display: -ms-flexbox;
    display: flex;
    -webkit-align-items: stretch;
    -webkit-box-align: stretch;
    -ms-flex-align: stretch;
    align-items: stretch;
  }
}"
`;

exports[`MaskedInput next and previous without options 1`] = `
.c1 {
  box-sizing: border-box;
  font-size: inherit;
  font-family: inherit;
  border: none;
  -webkit-appearance: none;
  padding: 11px;
  outline: none;
  background: transparent;
  color: inherit;
  font-weight: 600;
  margin: 0;
  border: 1px solid rgba(0,0,0,0.33);
  border-radius: 4px;
  width: 100%;
}

.c1::-webkit-search-decoration {
  -webkit-appearance: none;
}

.c1::-webkit-input-placeholder {
  color: #AAAAAA;
}

.c1::-moz-placeholder {
  color: #AAAAAA;
}

.c1:-ms-input-placeholder {
  color: #AAAAAA;
}

.c1::-moz-focus-inner {
  border: none;
  outline: none;
}

.c0 {
  position: relative;
  width: 100%;
}

<div
  class="c0"
>
  <input
    autocomplete="off"
    class="c1"
    data-testid="test-input"
    id="item"
    name="item"
    placeholder="!"
    value=""
  />
</div>
`;

exports[`MaskedInput next and previous without options 2`] = `
<div
  class="StyledMaskedInput__StyledMaskedInputContainer-aqxhco-1 fMAgQp"
>
  <input
    autocomplete="off"
    class="StyledMaskedInput-aqxhco-0 cEzwmq"
    data-testid="test-input"
    id="item"
    name="item"
    placeholder="!"
    value=""
  />
</div>
`;

exports[`MaskedInput option via keyboard 1`] = `
.c1 {
  box-sizing: border-box;
  font-size: inherit;
  font-family: inherit;
  border: none;
  -webkit-appearance: none;
  padding: 11px;
  outline: none;
  background: transparent;
  color: inherit;
  font-weight: 600;
  margin: 0;
  border: 1px solid rgba(0,0,0,0.33);
  border-radius: 4px;
  width: 100%;
}

.c1::-webkit-search-decoration {
  -webkit-appearance: none;
}

.c1::-webkit-input-placeholder {
  color: #AAAAAA;
}

.c1::-moz-placeholder {
  color: #AAAAAA;
}

.c1:-ms-input-placeholder {
  color: #AAAAAA;
}

.c1::-moz-focus-inner {
  border: none;
  outline: none;
}

.c0 {
  position: relative;
  width: 100%;
}

<div
  class="c0"
>
  <input
    autocomplete="off"
    class="c1"
    data-testid="test-input"
    id="item"
    name="item"
    placeholder="!"
    value=""
  />
</div>
`;

exports[`MaskedInput option via mouse 1`] = `
.c1 {
  box-sizing: border-box;
  font-size: inherit;
  font-family: inherit;
  border: none;
  -webkit-appearance: none;
  padding: 11px;
  outline: none;
  background: transparent;
  color: inherit;
  font-weight: 600;
  margin: 0;
  border: 1px solid rgba(0,0,0,0.33);
  border-radius: 4px;
  width: 100%;
  font-size: 22px;
  line-height: 28px;
  border: none;
}

.c1::-webkit-search-decoration {
  -webkit-appearance: none;
}

.c1::-webkit-input-placeholder {
  color: #AAAAAA;
}

.c1::-moz-placeholder {
  color: #AAAAAA;
}

.c1:-ms-input-placeholder {
  color: #AAAAAA;
}

.c1::-moz-focus-inner {
  border: none;
  outline: none;
}

.c0 {
  position: relative;
  width: 100%;
}

<div
  class="c0"
>
  <input
    autocomplete="off"
    class="c1"
    data-testid="test-input"
    id="item"
    name="item"
    placeholder="!"
    value=""
  />
</div>
`;

exports[`MaskedInput option via mouse 2`] = `
.c0 {
  display: -webkit-box;
  display: -webkit-flex;
  display: -ms-flexbox;
  display: flex;
  box-sizing: border-box;
  outline: none;
  max-width: 100%;
  min-width: 0;
  min-height: 0;
  -webkit-flex-direction: column;
  -ms-flex-direction: column;
  flex-direction: column;
  overflow: auto;
  box-shadow: 0px 2px 4px rgba(0,0,0,0.20);
}

.c2 {
  display: -webkit-box;
  display: -webkit-flex;
  display: -ms-flexbox;
  display: flex;
  box-sizing: border-box;
  outline: none;
  max-width: 100%;
  min-width: 0;
  min-height: 0;
  -webkit-flex-direction: column;
  -ms-flex-direction: column;
  flex-direction: column;
}

.c3 {
  display: -webkit-box;
  display: -webkit-flex;
  display: -ms-flexbox;
  display: flex;
  box-sizing: border-box;
  outline: none;
  max-width: 100%;
  min-width: 0;
  min-height: 0;
  -webkit-flex-direction: column;
  -ms-flex-direction: column;
  flex-direction: column;
  -webkit-flex: 0 0 auto;
  -ms-flex: 0 0 auto;
  flex: 0 0 auto;
}

.c5 {
  display: -webkit-box;
  display: -webkit-flex;
  display: -ms-flexbox;
  display: flex;
  box-sizing: border-box;
  outline: none;
  max-width: 100%;
  min-width: 0;
  min-height: 0;
  -webkit-flex-direction: column;
  -ms-flex-direction: column;
  flex-direction: column;
  padding-left: 12px;
  padding-right: 12px;
  padding-top: 6px;
  padding-bottom: 6px;
}

.c4 {
  display: inline-block;
  box-sizing: border-box;
  cursor: pointer;
  outline: none;
  font: inherit;
  -webkit-text-decoration: none;
  text-decoration: none;
  margin: 0;
  background: transparent;
  overflow: visible;
  text-transform: none;
  color: inherit;
  border: none;
  padding: 0;
  text-align: inherit;
}

.c4:hover {
  background-color: rgba(221,221,221,0.4);
  color: #000000;
}

.c1 {
  font-size: 18px;
  line-height: 24px;
  box-sizing: border-box;
  -webkit-text-size-adjust: 100%;
  -ms-text-size-adjust: 100%;
  -moz-osx-font-smoothing: grayscale;
  -webkit-font-smoothing: antialiased;
  border-radius: 0px;
  position: fixed;
  z-index: 20;
  outline: none;
  background: #ffffff;
  color: #444444;
  opacity: 0;
  -webkit-transform-origin: top left;
  -ms-transform-origin: top left;
  transform-origin: top left;
  -webkit-animation: jNdvGQ 0.1s forwards;
  animation: jNdvGQ 0.1s forwards;
  -webkit-animation-delay: 0.01s;
  animation-delay: 0.01s;
}

@media only screen and (max-width:768px) {
  .c5 {
    padding-left: 6px;
    padding-right: 6px;
  }
}

@media only screen and (max-width:768px) {
  .c5 {
    padding-top: 3px;
    padding-bottom: 3px;
  }
}

@media screen and (-ms-high-contrast:active),(-ms-high-contrast:none) {
  .c1 {
    display: -webkit-box;
    display: -webkit-flex;
    display: -ms-flexbox;
    display: flex;
    -webkit-align-items: stretch;
    -webkit-box-align: stretch;
    -ms-flex-align: stretch;
    align-items: stretch;
  }
}

<div
  class="c0 c1"
  id="masked-input-drop__item"
  style="left: 0px; width: 0.1px; top: 0px; max-height: 768px;"
  tabindex="-1"
>
  <div
    class="c2"
  >
    <div
      class="c3"
    >
      <button
        class="c4"
        tabindex="-1"
        type="button"
      >
        <div
          class="c5"
        >
          aa
        </div>
      </button>
    </div>
    <div
      class="c3"
    >
      <button
        class="c4"
        tabindex="-1"
        type="button"
      >
        <div
          class="c5"
        >
          bb
        </div>
      </button>
    </div>
  </div>
</div>
`;

exports[`MaskedInput option via mouse 3`] = `
".glTYPu {
  display: -webkit-box;
  display: -webkit-flex;
  display: -ms-flexbox;
  display: flex;
  box-sizing: border-box;
  outline: none;
  max-width: 100%;
  min-width: 0;
  min-height: 0;
  -webkit-flex-direction: column;
  -ms-flex-direction: column;
  flex-direction: column;
  overflow: auto;
  box-shadow: 0px 2px 4px rgba(0,0,0,0.20);
}

@media only screen and (max-width:768px) {
  .jHsVdi {
    padding-left: 6px;
    padding-right: 6px;
  }
}

@media only screen and (max-width:768px) {
  .jHsVdi {
    padding-top: 3px;
    padding-bottom: 3px;
  }
}

.GOEwZ {
  font-size: 18px;
  line-height: 24px;
  box-sizing: border-box;
  -webkit-text-size-adjust: 100%;
  -ms-text-size-adjust: 100%;
  -moz-osx-font-smoothing: grayscale;
  -webkit-font-smoothing: antialiased;
  border-radius: 0px;
  position: fixed;
  z-index: 20;
  outline: none;
  background: #ffffff;
  color: #444444;
  opacity: 0;
  -webkit-transform-origin: top left;
  -ms-transform-origin: top left;
  transform-origin: top left;
  -webkit-animation: jNdvGQ 0.1s forwards;
  animation: jNdvGQ 0.1s forwards;
  -webkit-animation-delay: 0.01s;
  animation-delay: 0.01s;
}

@media screen and (-ms-high-contrast:active),(-ms-high-contrast:none) {
  .GOEwZ {
    display: -webkit-box;
    display: -webkit-flex;
    display: -ms-flexbox;
    display: flex;
    -webkit-align-items: stretch;
    -webkit-box-align: stretch;
    -ms-flex-align: stretch;
    align-items: stretch;
  }
}"
`;

exports[`MaskedInput option via mouse 4`] = `
<div
  class="StyledMaskedInput__StyledMaskedInputContainer-aqxhco-1 fMAgQp"
>
  <input
    autocomplete="off"
    class="StyledMaskedInput-aqxhco-0 fXSexu"
    data-testid="test-input"
    id="item"
    name="item"
    placeholder="!"
    tabindex="-1"
    value=""
  />
</div>
`;
